[09:29:33] [ServerMain/INFO]: Environment: Environment[sessionHost=https://sessionserver.mojang.com, servicesHost=https://api.minecraftservices.com, name=PROD]
[09:29:35] [ServerMain/INFO]: Loaded 1290 recipes
[09:29:35] [ServerMain/INFO]: Loaded 1399 advancements
[09:29:36] [Server thread/INFO]: Starting minecraft server version 1.21.1
[09:29:36] [Server thread/INFO]: Loading properties
[09:29:36] [Server thread/INFO]: Default game type: SURVIVAL
[09:29:36] [Server thread/INFO]: Generating keypair
[09:29:36] [Server thread/INFO]: Starting Minecraft server on *:25565
[09:29:36] [Server thread/INFO]: Using epoll channel type
[09:29:36] [Server thread/INFO]: Preparing level "world"
[09:29:37] [Server thread/INFO]: Preparing start region for dimension minecraft:overworld
[09:29:37] [Worker-Main-1/INFO]: Preparing spawn area: 2%
[09:29:38] [Worker-Main-1/INFO]: Preparing spawn area: 55%
[09:29:38] [Worker-Main-7/INFO]: Preparing spawn area: 55%
[09:29:39] [Worker-Main-4/INFO]: Preparing spawn area: 55%
[09:29:39] [Worker-Main-2/INFO]: Preparing spawn area: 55%
[09:29:40] [Server thread/INFO]: Time elapsed: 2437 ms
[09:29:40] [Server thread/INFO]: Done (3.783s)! For help, type "help"
[09:29:40] [Server thread/INFO]: Starting remote control listener
[09:29:40] [Server thread/INFO]: Thread RCON Listener started
[09:29:40] [Server thread/INFO]: RCON running on 0.0.0.0:25575
[09:30:21] [RCON Listener #1/INFO]: Thread RCON Client /0:0:0:0:0:0:0:1 started
[09:30:21] [Server thread/INFO]: [Rcon: Stopping the server]
[09:30:21] [RCON Client /0:0:0:0:0:0:0:1 #2/INFO]: Thread RCON Client /0:0:0:0:0:0:0:1 shutting down
[09:30:21] [Server thread/INFO]: Stopping server
[09:30:21] [Server thread/INFO]: Saving players
[09:30:21] [Server thread/INFO]: Saving worlds
[09:30:21] [Server thread/INFO]: Saving chunks for level 'ServerLevel[world]'/minecraft:overworld
